
> admin@0.1.0 build
> next build

Γû▓ Next.js 16.1.6 (Turbopack)
- Environments: .env

node.exe : ΓÜá The "middleware" 
file convention is deprecated. 
Please use "proxy" instead. 
Learn more: https://nextjs.org/do
cs/messages/middleware-to-proxy
At line:1 char:1
+ & "C:\Program 
Files\nodejs/node.exe" 
"C:\Program Files\nodejs/node_mo 
...
+ ~~~~~~~~~~~~~~~~~~~~~~~~~~~~~~~
~~~~~~~~~~~~~~~~~~~~~~~~~~~~~~~~~
~~~~~
    + CategoryInfo          : No 
   tSpecified: (ΓÜá The "middle  
  ...leware-to-proxy:String) [   
 ], RemoteException
    + FullyQualifiedErrorId : Na 
   tiveCommandError
 
  Creating an optimized production build ...
Γ£ô Compiled successfully in 5.1s
  Running TypeScript ...
Failed to compile.

./app/[locale]/DashboardClient.ts
x:190:8
Type error: Type '{ open: 
boolean; onOpenChange: Dispatch<S
etStateAction<boolean>>; type: 
"Basic" | "Premium" | "All"; 
setType: 
Dispatch<SetStateAction<"Basic" 
| "Premium" | "All">>; 
bottlesMin: number | undefined; 
setBottlesMin: Dispatch<...>; }' 
is missing the following 
properties from type '{ open: 
boolean; onOpenChange: (v: 
boolean) => void; type: "Basic" 
| "Premium" | "All"; setType: 
(t: "Basic" | "Premium" | "All") 
=> void; gender: "male" | 
"female" | "nonbinary" | "All"; 
setGender: (g: "male" | ... 2 
more ... | "All") => void; 
bottlesMin: number | undefined; 
setBottlesMin: (n: number | 
undefined) =...': gender, 
setGender

[0m [90m 188 |[39m       [33m
<[39m[33m/[39m[33msection[39
m[33m>[39m
 [90m 189 |[39m
[31m[1m>[22m[39m[90m 190 
|[39m       
[33m<[39m[33mFilterSheet[39m
 [90m     |[39m        
[31m[1m^[22m[39m
 [90m 191 |[39m         
open[33m=[39m{filterOpen}
 [90m 192 |[39m         onOpenC
hange[33m=[39m{setFilterOpen}
 [90m 193 |[39m         
type[33m=[39m{filterType}[0m
Next.js build worker exited with 
code: 1 and signal: null
